- pool create AS-pool gen_txn_file=./pool_transactions_genesis
Pool config "AS-pool" already exists

pool connect AS-pool
Pool "AS-pool" has been connected

- wallet create AS-02-wallet key=testkey storage_config={"pool":"AS-pool"}
Wallet "AS-02-wallet" already exists

wallet open AS-02-wallet key=testkey
Wallet "AS-02-wallet" has been opened

did new seed=StewardNode500000000000000000000 metadata="node5 steward"
Did "XhYtvJqezMUKfF6KVNaGmT" has been created with "~RmCt3RtDvKDfQBSKxo4qvy" verkey
Metadata has been saved for DID "XhYtvJqezMUKfF6KVNaGmT"

did new seed=StewardNode600000000000000000000 metadata="node6 steward"
Did "FBQ5W7LxRp8bLeVNEafjpd" has been created with "~2a4KepmnVVAPGo5gNA3P3p" verkey
Metadata has been saved for DID "FBQ5W7LxRp8bLeVNEafjpd"

did new seed=TestAddNodeWithEndorser000000000 metadata="endorser"
Did "Rhx2qwaeiGyhU9vn4ynHSS" has been created with "~RTJS62PRHurqHJnbnT1Hgi" verkey
Metadata has been saved for DID "Rhx2qwaeiGyhU9vn4ynHSS"

did new seed=TestAddNodeWithIdentityOwner0000 metadata="identity owner"
Did "5qhSKMkpqui6taGLTecwqf" has been created with "~UWK9xwiKsqMQSBmymYpR5v" verkey
Metadata has been saved for DID "5qhSKMkpqui6taGLTecwqf"

did new seed=000000000000000000000000Trustee1 metadata="default trustee"
Did "V4SGRU86Z58d6TV7PBUe6f" has been created with "~CoRER63DVYnWZtK8uAzNbx" verkey
Metadata has been saved for DID "V4SGRU86Z58d6TV7PBUe6f"

did new seed=TrusteeTest080000000000000000000 metadata="custom trustee"
Did "WnynyXyqjNFXeGELaR81Gh" has been created with "~XKXdGyymBGos1Hz2JPCEkM" verkey
Metadata has been saved for DID "WnynyXyqjNFXeGELaR81Gh"

did use V4SGRU86Z58d6TV7PBUe6f
Did "V4SGRU86Z58d6TV7PBUe6f" has been set as active

ledger nym did=XhYtvJqezMUKfF6KVNaGmT role=STEWARD verkey=~RmCt3RtDvKDfQBSKxo4qvy 
Nym request has been sent to Ledger.
Metadata:
+---------------------+---------------------+
| Request ID          | Transaction time    |
+---------------------+---------------------+
| 1527783431507539137 | 2018-05-31 16:17:11 |
+---------------------+---------------------+
Data:
+------------------------+-------------------------+---------+
| Did                    | Verkey                  | Role    |
+------------------------+-------------------------+---------+
| XhYtvJqezMUKfF6KVNaGmT | ~RmCt3RtDvKDfQBSKxo4qvy | STEWARD |
+------------------------+-------------------------+---------+

ledger nym did=FBQ5W7LxRp8bLeVNEafjpd role=STEWARD verkey=~2a4KepmnVVAPGo5gNA3P3p 
Nym request has been sent to Ledger.
Metadata:
+---------------------+---------------------+
| Request ID          | Transaction time    |
+---------------------+---------------------+
| 1527783431763862559 | 2018-05-31 16:17:11 |
+---------------------+---------------------+
Data:
+------------------------+-------------------------+---------+
| Did                    | Verkey                  | Role    |
+------------------------+-------------------------+---------+
| FBQ5W7LxRp8bLeVNEafjpd | ~2a4KepmnVVAPGo5gNA3P3p | STEWARD |
+------------------------+-------------------------+---------+

ledger nym did=Rhx2qwaeiGyhU9vn4ynHSS role=ENDORSER verkey=~RTJS62PRHurqHJnbnT1Hgi
Nym request has been sent to Ledger.
Metadata:
+---------------------+---------------------+
| Request ID          | Transaction time    |
+---------------------+---------------------+
| 1527783432009906066 | 2018-05-31 16:17:12 |
+---------------------+---------------------+
Data:
+------------------------+-------------------------+--------------+
| Did                    | Verkey                  | Role         |
+------------------------+-------------------------+--------------+
| Rhx2qwaeiGyhU9vn4ynHSS | ~RTJS62PRHurqHJnbnT1Hgi | ENDORSER |
+------------------------+-------------------------+--------------+

ledger nym did=5qhSKMkpqui6taGLTecwqf verkey=~UWK9xwiKsqMQSBmymYpR5v
Nym request has been sent to Ledger.
Metadata:
+---------------------+---------------------+
| Request ID          | Transaction time    |
+---------------------+---------------------+
| 1527783432265453030 | 2018-05-31 16:17:12 |
+---------------------+---------------------+
Data:
+------------------------+-------------------------+------+
| Did                    | Verkey                  | Role |
+------------------------+-------------------------+------+
| 5qhSKMkpqui6taGLTecwqf | ~UWK9xwiKsqMQSBmymYpR5v | -    |
+------------------------+-------------------------+------+

ledger nym did=WnynyXyqjNFXeGELaR81Gh role=TRUSTEE verkey=~XKXdGyymBGos1Hz2JPCEkM
Nym request has been sent to Ledger.
Metadata:
+---------------------+---------------------+
| Request ID          | Transaction time    |
+---------------------+---------------------+
| 1527783432528814452 | 2018-05-31 16:17:12 |
+---------------------+---------------------+
Data:
+------------------------+-------------------------+---------+
| Did                    | Verkey                  | Role    |
+------------------------+-------------------------+---------+
| WnynyXyqjNFXeGELaR81Gh | ~XKXdGyymBGos1Hz2JPCEkM | TRUSTEE |
+------------------------+-------------------------+---------+

Pool "AS-pool" has been connected
Wallet "AS-02-wallet" has been closed
Goodbye...
