- pool create AS-0301-owner gen_txn_file=./pool_transactions_genesis
Pool config "AS-0301-owner" has been created

pool connect AS-0301-owner
Pool "AS-0301-owner" has been connected

- wallet create AS-03-wallet-owner key=testkey storage_config={"pool":"AS-0301-owner"}
Wallet "AS-03-wallet-owner" has been created

wallet open AS-03-wallet-owner key=testkey
Wallet "AS-03-wallet-owner" has been opened

did new seed=000000000000000000000000Trustee1 metadata="Default Trustee"
Did "V4SGRU86Z58d6TV7PBUe6f" has been created with "~CoRER63DVYnWZtK8uAzNbx" verkey
Metadata has been saved for DID "V4SGRU86Z58d6TV7PBUe6f"

did new seed=TestTrustee100000000000000000003 metadata="test trustee 1"
Did "FiAsNdcWnpB2L22ZUGyKHa" has been created with "~BZHjLX8NYwJXPTE746hn6Y" verkey
Metadata has been saved for DID "FiAsNdcWnpB2L22ZUGyKHa"

did new seed=TestTrustee200000000000000000003 metadata="test trustee 2"
Did "CYdQe2tmSwhv2XdicegoAn" has been created with "~E7MjQHm14YnmZD9RErTBsi" verkey
Metadata has been saved for DID "CYdQe2tmSwhv2XdicegoAn"

did new seed=TestSteward100000000000000000003 metadata="test steward 1"
Did "AhqUV2zHYdNaWLFCCe7xCn" has been created with "~YUY2ChUGWJovtU6XTn61D8" verkey
Metadata has been saved for DID "AhqUV2zHYdNaWLFCCe7xCn"

did new seed=TestSteward200000000000000000003 metadata="test steward 2"
Did "CbPwHxKEibPhV4pgXWpu26" has been created with "~MviYa49QADQXAM68WSiLPD" verkey
Metadata has been saved for DID "CbPwHxKEibPhV4pgXWpu26"

did new seed=TestEndorser10000000000000000003 metadata="test endorser 1"
Did "DriVwCMbtEgkmoEHKin6Ah" has been created with "~YPZot1kM4DLwvsX6mtcKd9" verkey
Metadata has been saved for DID "DriVwCMbtEgkmoEHKin6Ah"

did new seed=TestEndorser20000000000000000003 metadata="test endorser 2"
Did "2b6xTx2HniDU77nxHm6zWB" has been created with "~HF34ymwfTJngb8zFDmCyvX" verkey
Metadata has been saved for DID "2b6xTx2HniDU77nxHm6zWB"

did new seed=TestEndorser30000000000000000003 metadata="test endorser 3"
Did "4xuWDwsQSqzQmYSheSWFyg" has been created with "~BmnEpJMi6kJHUcxcVJa2R4" verkey
Metadata has been saved for DID "4xuWDwsQSqzQmYSheSWFyg"

did new seed=RandomUser1000000000000000000003 metadata="test identity 1"
Did "LBbKEeczA9iL21p4Kgxcuf" has been created with "~3ZvjdaYs4cdFYXAwNGR85p" verkey
Metadata has been saved for DID "LBbKEeczA9iL21p4Kgxcuf"

did new seed=RandomUser2000000000000000000003 metadata="test identity 2"
Did "Fk9ENxnz1ztDgdivQBJTCZ" has been created with "~NT9ANFeDhCLKDg5PNKZXKK" verkey
Metadata has been saved for DID "Fk9ENxnz1ztDgdivQBJTCZ"

did new seed=RandomUser3000000000000000000003 metadata="test identity 3"
Did "Q8uxmCGdXgLHHtaTwYtVJG" has been created with "~UpRqa9gQ1jsbUBvKYPtWSo" verkey
Metadata has been saved for DID "Q8uxmCGdXgLHHtaTwYtVJG"

did use V4SGRU86Z58d6TV7PBUe6f
Did "V4SGRU86Z58d6TV7PBUe6f" has been set as active

ledger nym did=AhqUV2zHYdNaWLFCCe7xCn role=STEWARD verkey=~YUY2ChUGWJovtU6XTn61D8
Nym request has been sent to Ledger.
Metadata:
+------------------------+-----------------+---------------------+---------------------+
| From                   | Sequence Number | Request ID          | Transaction time    |
+------------------------+-----------------+---------------------+---------------------+
| V4SGRU86Z58d6TV7PBUe6f | 22              | 1534004765772764798 | 2018-08-11 16:26:05 |
+------------------------+-----------------+---------------------+---------------------+
Data:
+------------------------+-------------------------+---------+
| Did                    | Verkey                  | Role    |
+------------------------+-------------------------+---------+
| AhqUV2zHYdNaWLFCCe7xCn | ~YUY2ChUGWJovtU6XTn61D8 | STEWARD |
+------------------------+-------------------------+---------+

- ledger get-nym did=AhqUV2zHYdNaWLFCCe7xCn
Following NYM has been received.
Metadata:
+------------------------+-----------------+---------------------+---------------------+
| Identifier             | Sequence Number | Request ID          | Transaction time    |
+------------------------+-----------------+---------------------+---------------------+
| V4SGRU86Z58d6TV7PBUe6f | 22              | 1534004766586504866 | 2018-08-11 16:26:05 |
+------------------------+-----------------+---------------------+---------------------+
Data:
+------------------------+------------------------+-------------------------+---------+
| Identifier             | Dest                   | Verkey                  | Role    |
+------------------------+------------------------+-------------------------+---------+
| V4SGRU86Z58d6TV7PBUe6f | AhqUV2zHYdNaWLFCCe7xCn | ~YUY2ChUGWJovtU6XTn61D8 | STEWARD |
+------------------------+------------------------+-------------------------+---------+

did use V4SGRU86Z58d6TV7PBUe6f
Did "V4SGRU86Z58d6TV7PBUe6f" has been set as active

ledger nym did=DriVwCMbtEgkmoEHKin6Ah role=ENDORSER verkey=~YPZot1kM4DLwvsX6mtcKd9
Nym request has been sent to Ledger.
Metadata:
+------------------------+-----------------+---------------------+---------------------+
| From                   | Sequence Number | Request ID          | Transaction time    |
+------------------------+-----------------+---------------------+---------------------+
| V4SGRU86Z58d6TV7PBUe6f | 23              | 1534004766668159443 | 2018-08-11 16:26:06 |
+------------------------+-----------------+---------------------+---------------------+
Data:
+------------------------+-------------------------+--------------+
| Did                    | Verkey                  | Role         |
+------------------------+-------------------------+--------------+
| DriVwCMbtEgkmoEHKin6Ah | ~YPZot1kM4DLwvsX6mtcKd9 | ENDORSER |
+------------------------+-------------------------+--------------+

- ledger get-nym did=DriVwCMbtEgkmoEHKin6Ah
Following NYM has been received.
Metadata:
+------------------------+-----------------+---------------------+---------------------+
| Identifier             | Sequence Number | Request ID          | Transaction time    |
+------------------------+-----------------+---------------------+---------------------+
| V4SGRU86Z58d6TV7PBUe6f | 23              | 1534004767538168631 | 2018-08-11 16:26:06 |
+------------------------+-----------------+---------------------+---------------------+
Data:
+------------------------+------------------------+-------------------------+--------------+
| Identifier             | Dest                   | Verkey                  | Role         |
+------------------------+------------------------+-------------------------+--------------+
| V4SGRU86Z58d6TV7PBUe6f | DriVwCMbtEgkmoEHKin6Ah | ~YPZot1kM4DLwvsX6mtcKd9 | ENDORSER |
+------------------------+------------------------+-------------------------+--------------+

did use V4SGRU86Z58d6TV7PBUe6f
Did "V4SGRU86Z58d6TV7PBUe6f" has been set as active

ledger nym did=LBbKEeczA9iL21p4Kgxcuf verkey=~3ZvjdaYs4cdFYXAwNGR85p
Nym request has been sent to Ledger.
Metadata:
+------------------------+-----------------+---------------------+---------------------+
| From                   | Sequence Number | Request ID          | Transaction time    |
+------------------------+-----------------+---------------------+---------------------+
| V4SGRU86Z58d6TV7PBUe6f | 24              | 1534004767610126516 | 2018-08-11 16:26:08 |
+------------------------+-----------------+---------------------+---------------------+
Data:
+------------------------+-------------------------+------+
| Did                    | Verkey                  | Role |
+------------------------+-------------------------+------+
| LBbKEeczA9iL21p4Kgxcuf | ~3ZvjdaYs4cdFYXAwNGR85p | -    |
+------------------------+-------------------------+------+

- ledger get-nym did=LBbKEeczA9iL21p4Kgxcuf
Following NYM has been received.
Metadata:
+------------------------+-----------------+---------------------+---------------------+
| Identifier             | Sequence Number | Request ID          | Transaction time    |
+------------------------+-----------------+---------------------+---------------------+
| V4SGRU86Z58d6TV7PBUe6f | 24              | 1534004768598085816 | 2018-08-11 16:26:08 |
+------------------------+-----------------+---------------------+---------------------+
Data:
+------------------------+------------------------+-------------------------+------+
| Identifier             | Dest                   | Verkey                  | Role |
+------------------------+------------------------+-------------------------+------+
| V4SGRU86Z58d6TV7PBUe6f | LBbKEeczA9iL21p4Kgxcuf | ~3ZvjdaYs4cdFYXAwNGR85p | -    |
+------------------------+------------------------+-------------------------+------+

did use LBbKEeczA9iL21p4Kgxcuf
Did "LBbKEeczA9iL21p4Kgxcuf" has been set as active

- ledger nym did=V4SGRU86Z58d6TV7PBUe6f role= 
Transaction has been rejected: LBbKEeczA9iL21p4Kgxcuf is neither Trustee nor owner of V4SGRU86Z58d6TV7PBUe6f

did use V4SGRU86Z58d6TV7PBUe6f
Did "V4SGRU86Z58d6TV7PBUe6f" has been set as active

ledger nym did=CYdQe2tmSwhv2XdicegoAn role=TRUSTEE verkey=~E7MjQHm14YnmZD9RErTBsi
Nym request has been sent to Ledger.
Metadata:
+------------------------+-----------------+---------------------+---------------------+
| From                   | Sequence Number | Request ID          | Transaction time    |
+------------------------+-----------------+---------------------+---------------------+
| V4SGRU86Z58d6TV7PBUe6f | 25              | 1534004769268089334 | 2018-08-11 16:26:10 |
+------------------------+-----------------+---------------------+---------------------+
Data:
+------------------------+-------------------------+---------+
| Did                    | Verkey                  | Role    |
+------------------------+-------------------------+---------+
| CYdQe2tmSwhv2XdicegoAn | ~E7MjQHm14YnmZD9RErTBsi | TRUSTEE |
+------------------------+-------------------------+---------+

- ledger get-nym did=CYdQe2tmSwhv2XdicegoAn
Following NYM has been received.
Metadata:
+------------------------+-----------------+---------------------+---------------------+
| Identifier             | Sequence Number | Request ID          | Transaction time    |
+------------------------+-----------------+---------------------+---------------------+
| V4SGRU86Z58d6TV7PBUe6f | 25              | 1534004770648712280 | 2018-08-11 16:26:10 |
+------------------------+-----------------+---------------------+---------------------+
Data:
+------------------------+------------------------+-------------------------+---------+
| Identifier             | Dest                   | Verkey                  | Role    |
+------------------------+------------------------+-------------------------+---------+
| V4SGRU86Z58d6TV7PBUe6f | CYdQe2tmSwhv2XdicegoAn | ~E7MjQHm14YnmZD9RErTBsi | TRUSTEE |
+------------------------+------------------------+-------------------------+---------+

did use LBbKEeczA9iL21p4Kgxcuf
Did "LBbKEeczA9iL21p4Kgxcuf" has been set as active

- ledger nym did=FiAsNdcWnpB2L22ZUGyKHa role=TRUSTEE verkey=~BZHjLX8NYwJXPTE746hn6Y
Transaction has been rejected: None role cannot add TRUSTEE

- ledger get-nym did=FiAsNdcWnpB2L22ZUGyKHa
NYM not found

did use LBbKEeczA9iL21p4Kgxcuf
Did "LBbKEeczA9iL21p4Kgxcuf" has been set as active

- ledger nym did=AhqUV2zHYdNaWLFCCe7xCn role=
Transaction has been rejected: LBbKEeczA9iL21p4Kgxcuf is neither Trustee nor owner of AhqUV2zHYdNaWLFCCe7xCn

did use AhqUV2zHYdNaWLFCCe7xCn
Did "AhqUV2zHYdNaWLFCCe7xCn" has been set as active

ledger nym did=4xuWDwsQSqzQmYSheSWFyg role=ENDORSER verkey=~BmnEpJMi6kJHUcxcVJa2R4
Nym request has been sent to Ledger.
Metadata:
+------------------------+-----------------+---------------------+---------------------+
| From                   | Sequence Number | Request ID          | Transaction time    |
+------------------------+-----------------+---------------------+---------------------+
| AhqUV2zHYdNaWLFCCe7xCn | 26              | 1534004772311384746 | 2018-08-11 16:26:13 |
+------------------------+-----------------+---------------------+---------------------+
Data:
+------------------------+-------------------------+--------------+
| Did                    | Verkey                  | Role         |
+------------------------+-------------------------+--------------+
| 4xuWDwsQSqzQmYSheSWFyg | ~BmnEpJMi6kJHUcxcVJa2R4 | ENDORSER |
+------------------------+-------------------------+--------------+

- ledger get-nym did=4xuWDwsQSqzQmYSheSWFyg
Following NYM has been received.
Metadata:
+------------------------+-----------------+---------------------+---------------------+
| Identifier             | Sequence Number | Request ID          | Transaction time    |
+------------------------+-----------------+---------------------+---------------------+
| AhqUV2zHYdNaWLFCCe7xCn | 26              | 1534004773697374448 | 2018-08-11 16:26:13 |
+------------------------+-----------------+---------------------+---------------------+
Data:
+------------------------+------------------------+-------------------------+--------------+
| Identifier             | Dest                   | Verkey                  | Role         |
+------------------------+------------------------+-------------------------+--------------+
| AhqUV2zHYdNaWLFCCe7xCn | 4xuWDwsQSqzQmYSheSWFyg | ~BmnEpJMi6kJHUcxcVJa2R4 | ENDORSER |
+------------------------+------------------------+-------------------------+--------------+

did use LBbKEeczA9iL21p4Kgxcuf
Did "LBbKEeczA9iL21p4Kgxcuf" has been set as active

- ledger nym did=CbPwHxKEibPhV4pgXWpu26 role=STEWARD verkey=~MviYa49QADQXAM68WSiLPD
Transaction has been rejected: None role cannot add STEWARD

- ledger get-nym did=CbPwHxKEibPhV4pgXWpu26
NYM not found

did use LBbKEeczA9iL21p4Kgxcuf
Did "LBbKEeczA9iL21p4Kgxcuf" has been set as active

- ledger nym did=DriVwCMbtEgkmoEHKin6Ah role=
Transaction has been rejected: LBbKEeczA9iL21p4Kgxcuf is neither Trustee nor owner of DriVwCMbtEgkmoEHKin6Ah

did use DriVwCMbtEgkmoEHKin6Ah
Did "DriVwCMbtEgkmoEHKin6Ah" has been set as active

ledger nym did=Q8uxmCGdXgLHHtaTwYtVJG verkey=~UpRqa9gQ1jsbUBvKYPtWSo
Nym request has been sent to Ledger.
Metadata:
+------------------------+-----------------+---------------------+---------------------+
| From                   | Sequence Number | Request ID          | Transaction time    |
+------------------------+-----------------+---------------------+---------------------+
| DriVwCMbtEgkmoEHKin6Ah | 27              | 1534004775388034251 | 2018-08-11 16:26:16 |
+------------------------+-----------------+---------------------+---------------------+
Data:
+------------------------+-------------------------+------+
| Did                    | Verkey                  | Role |
+------------------------+-------------------------+------+
| Q8uxmCGdXgLHHtaTwYtVJG | ~UpRqa9gQ1jsbUBvKYPtWSo | -    |
+------------------------+-------------------------+------+

- ledger get-nym did=Q8uxmCGdXgLHHtaTwYtVJG
Following NYM has been received.
Metadata:
+------------------------+-----------------+---------------------+---------------------+
| Identifier             | Sequence Number | Request ID          | Transaction time    |
+------------------------+-----------------+---------------------+---------------------+
| DriVwCMbtEgkmoEHKin6Ah | 27              | 1534004776760912140 | 2018-08-11 16:26:16 |
+------------------------+-----------------+---------------------+---------------------+
Data:
+------------------------+------------------------+-------------------------+------+
| Identifier             | Dest                   | Verkey                  | Role |
+------------------------+------------------------+-------------------------+------+
| DriVwCMbtEgkmoEHKin6Ah | Q8uxmCGdXgLHHtaTwYtVJG | ~UpRqa9gQ1jsbUBvKYPtWSo | -    |
+------------------------+------------------------+-------------------------+------+

did use LBbKEeczA9iL21p4Kgxcuf
Did "LBbKEeczA9iL21p4Kgxcuf" has been set as active

- ledger nym did=2b6xTx2HniDU77nxHm6zWB role=ENDORSER verkey=~HF34ymwfTJngb8zFDmCyvX
Transaction has been rejected: None role cannot add ENDORSER

- ledger get-nym did=2b6xTx2HniDU77nxHm6zWB
NYM not found

did use LBbKEeczA9iL21p4Kgxcuf
Did "LBbKEeczA9iL21p4Kgxcuf" has been set as active

ledger nym did=Fk9ENxnz1ztDgdivQBJTCZ verkey=~NT9ANFeDhCLKDg5PNKZXKK
Nym request has been sent to Ledger.
Metadata:
+------------------------+-----------------+---------------------+---------------------+
| From                   | Sequence Number | Request ID          | Transaction time    |
+------------------------+-----------------+---------------------+---------------------+
| LBbKEeczA9iL21p4Kgxcuf | 28              | 1534004777497343573 | 2018-08-11 16:26:18 |
+------------------------+-----------------+---------------------+---------------------+
Data:
+------------------------+-------------------------+------+
| Did                    | Verkey                  | Role |
+------------------------+-------------------------+------+
| Fk9ENxnz1ztDgdivQBJTCZ | ~NT9ANFeDhCLKDg5PNKZXKK | -    |
+------------------------+-------------------------+------+

- ledger get-nym did=Fk9ENxnz1ztDgdivQBJTCZ
Following NYM has been received.
Metadata:
+------------------------+-----------------+---------------------+---------------------+
| Identifier             | Sequence Number | Request ID          | Transaction time    |
+------------------------+-----------------+---------------------+---------------------+
| LBbKEeczA9iL21p4Kgxcuf | 28              | 1534004778787990056 | 2018-08-11 16:26:18 |
+------------------------+-----------------+---------------------+---------------------+
Data:
+------------------------+------------------------+-------------------------+------+
| Identifier             | Dest                   | Verkey                  | Role |
+------------------------+------------------------+-------------------------+------+
| LBbKEeczA9iL21p4Kgxcuf | Fk9ENxnz1ztDgdivQBJTCZ | ~NT9ANFeDhCLKDg5PNKZXKK | -    |
+------------------------+------------------------+-------------------------+------+

did use LBbKEeczA9iL21p4Kgxcuf
Did "LBbKEeczA9iL21p4Kgxcuf" has been set as active

- ledger nym did=Q8uxmCGdXgLHHtaTwYtVJG role=ENDORSER
Transaction has been rejected: LBbKEeczA9iL21p4Kgxcuf is neither Trustee nor owner of Q8uxmCGdXgLHHtaTwYtVJG

- ledger nym did=Q8uxmCGdXgLHHtaTwYtVJG role=STEWARD
Transaction has been rejected: LBbKEeczA9iL21p4Kgxcuf is neither Trustee nor owner of Q8uxmCGdXgLHHtaTwYtVJG

- ledger nym did=Q8uxmCGdXgLHHtaTwYtVJG role=TRUSTEE
Transaction has been rejected: LBbKEeczA9iL21p4Kgxcuf is neither Trustee nor owner of Q8uxmCGdXgLHHtaTwYtVJG

did use V4SGRU86Z58d6TV7PBUe6f
Did "V4SGRU86Z58d6TV7PBUe6f" has been set as active

did new seed=RandomAttribOwner000000000000003
Did "UffJCJngTXc1o84dQ7aEUb" has been created with "~J4HtnGz2wW2nE7VuMeg39M" verkey

ledger nym did=UffJCJngTXc1o84dQ7aEUb verkey=~J4HtnGz2wW2nE7VuMeg39M
Nym request has been sent to Ledger.
Metadata:
+------------------------+-----------------+---------------------+---------------------+
| From                   | Sequence Number | Request ID          | Transaction time    |
+------------------------+-----------------+---------------------+---------------------+
| V4SGRU86Z58d6TV7PBUe6f | 29              | 1534004781500707517 | 2018-08-11 16:26:22 |
+------------------------+-----------------+---------------------+---------------------+
Data:
+------------------------+-------------------------+------+
| Did                    | Verkey                  | Role |
+------------------------+-------------------------+------+
| UffJCJngTXc1o84dQ7aEUb | ~J4HtnGz2wW2nE7VuMeg39M | -    |
+------------------------+-------------------------+------+

did new seed=RandomUserForRotateKey0000000003
Did "X3zYajU7gbz9Pu8k6E7Ppf" has been created with "~3ZDo6g4ZDRKGauKrR452xU" verkey

ledger nym did=X3zYajU7gbz9Pu8k6E7Ppf verkey=~3ZDo6g4ZDRKGauKrR452xU
Nym request has been sent to Ledger.
Metadata:
+------------------------+-----------------+---------------------+---------------------+
| From                   | Sequence Number | Request ID          | Transaction time    |
+------------------------+-----------------+---------------------+---------------------+
| V4SGRU86Z58d6TV7PBUe6f | 30              | 1534004782875645242 | 2018-08-11 16:26:23 |
+------------------------+-----------------+---------------------+---------------------+
Data:
+------------------------+-------------------------+------+
| Did                    | Verkey                  | Role |
+------------------------+-------------------------+------+
| X3zYajU7gbz9Pu8k6E7Ppf | ~3ZDo6g4ZDRKGauKrR452xU | -    |
+------------------------+-------------------------+------+

did use X3zYajU7gbz9Pu8k6E7Ppf
Did "X3zYajU7gbz9Pu8k6E7Ppf" has been set as active

did rotate-key seed=RandomUserForRotateKey0NewKey003
Verkey for did "X3zYajU7gbz9Pu8k6E7Ppf" has been updated. New verkey: "DHUqLyUnhjBgsEKHCm3cNekC29rvx6STQAgvepPRLjAH"

did use UffJCJngTXc1o84dQ7aEUb
Did "UffJCJngTXc1o84dQ7aEUb" has been set as active

- ledger nym did=X3zYajU7gbz9Pu8k6E7Ppf verkey=~3ZDo6g4ZDRKGauKrR452xU
Transaction has been rejected: UffJCJngTXc1o84dQ7aEUb is neither Trustee nor owner of X3zYajU7gbz9Pu8k6E7Ppf

did use X3zYajU7gbz9Pu8k6E7Ppf
Did "X3zYajU7gbz9Pu8k6E7Ppf" has been set as active

ledger attrib did=X3zYajU7gbz9Pu8k6E7Ppf raw={"endpoint":{"ha":"127.0.0.1:5555"}}
Attrib request has been sent to Ledger.
Metadata:
+------------------------+-----------------+---------------------+---------------------+
| From                   | Sequence Number | Request ID          | Transaction time    |
+------------------------+-----------------+---------------------+---------------------+
| X3zYajU7gbz9Pu8k6E7Ppf | 32              | 1534004785574568146 | 2018-08-11 16:26:26 |
+------------------------+-----------------+---------------------+---------------------+
Data:
+--------------------------------------+
| Raw value                            |
+--------------------------------------+
| {"endpoint":{"ha":"127.0.0.1:5555"}} |
+--------------------------------------+

ledger attrib did=X3zYajU7gbz9Pu8k6E7Ppf raw={"endpoint":{"ha":"127.0.0.1:6666"}}
Attrib request has been sent to Ledger.
Metadata:
+------------------------+-----------------+---------------------+---------------------+
| From                   | Sequence Number | Request ID          | Transaction time    |
+------------------------+-----------------+---------------------+---------------------+
| X3zYajU7gbz9Pu8k6E7Ppf | 33              | 1534004786960798227 | 2018-08-11 16:26:27 |
+------------------------+-----------------+---------------------+---------------------+
Data:
+--------------------------------------+
| Raw value                            |
+--------------------------------------+
| {"endpoint":{"ha":"127.0.0.1:6666"}} |
+--------------------------------------+

did use X3zYajU7gbz9Pu8k6E7Ppf
Did "X3zYajU7gbz9Pu8k6E7Ppf" has been set as active

- ledger attrib did=UffJCJngTXc1o84dQ7aEUb raw={"endpoint":{"ha":"127.0.0.1:5555"}}
Transaction has been rejected: Only identity owner/guardian can add attribute for that identity

did use UffJCJngTXc1o84dQ7aEUb
Did "UffJCJngTXc1o84dQ7aEUb" has been set as active

- ledger attrib did=X3zYajU7gbz9Pu8k6E7Ppf raw={"endpoint":{"ha":"127.0.0.1:5555"}}
Transaction has been rejected: Only identity owner/guardian can add attribute for that identity

ledger schema name=IdentityOwnerSchema version=1.0 attr_names=name,age
Schema request has been sent to Ledger.
Metadata:
+------------------------+-----------------+---------------------+---------------------+
| From                   | Sequence Number | Request ID          | Transaction time    |
+------------------------+-----------------+---------------------+---------------------+
| UffJCJngTXc1o84dQ7aEUb | 34              | 1534004789633198964 | 2018-08-11 16:26:30 |
+------------------------+-----------------+---------------------+---------------------+
Data:
+---------------------+---------+--------------+
| Name                | Version | Attributes   |
+---------------------+---------+--------------+
| IdentityOwnerSchema | 1.0     | "name","age" |
+---------------------+---------+--------------+

ledger cred-def schema_id=1 signature_type=CL primary={"n":"1","s":"2","rms":"3","r":{"age":"4","name":"5"},"rctxt":"6","z":"7"} tag=3
Transaction has been rejected: Mentioned seqNo (1) isn't seqNo of the schema.

Pool "AS-0301-owner" has been disconnected
Wallet "AS-03-wallet-owner" has been closed
Goodbye...
