- pool create AS-0301-trustee gen_txn_file=./pool_transactions_genesis
[1;32mPool config "AS-0301-trustee" has been created[0m

pool connect AS-0301-trustee
[1;32mPool "AS-0301-trustee" has been connected[0m

- wallet create AS-03-wallet-trustee pool_name=AS-0301-trustee key=testkey
[1;32mWallet "AS-03-wallet-trustee" has been created[0m

wallet open AS-03-wallet-trustee key=testkey
[1;32mWallet "AS-03-wallet-trustee" has been opened[0m

did new seed=TestTrustee100000000000000000000 metadata="test trustee 1"
[1;32mDid "CDBcM7hSAmQuenmEnE8dXG" has been created with "~JsqrSipV963hwbojxwR2fg" verkey[0m
[1;32mMetadata has been saved for DID "CDBcM7hSAmQuenmEnE8dXG"[0m

did new seed=TestTrustee200000000000000000000 metadata="test trustee 2"
[1;32mDid "QQMQmb1mrBRJR3vx6GP4kg" has been created with "~7Cj2MTAjyAbHdAiuafgCUW" verkey[0m
[1;32mMetadata has been saved for DID "QQMQmb1mrBRJR3vx6GP4kg"[0m

did new seed=TestTrustee300000000000000000000 metadata="test trustee 3"
[1;32mDid "VNHim6zQkiNEF1yPL6xVev" has been created with "~Xih8tdRvVQiudPEB3M2ypc" verkey[0m
[1;32mMetadata has been saved for DID "VNHim6zQkiNEF1yPL6xVev"[0m

did new seed=TestSteward100000000000000000000 metadata="test steward 1"
[1;32mDid "YLs2LfEvHoSdS6euixMAe8" has been created with "~UEjom7C2wcysFHkHqXVtSo" verkey[0m
[1;32mMetadata has been saved for DID "YLs2LfEvHoSdS6euixMAe8"[0m

did new seed=TestSteward200000000000000000000 metadata="test steward 2"
[1;32mDid "3JauiZvnHv6oSBi4DTikg4" has been created with "~5EhgzbpoKEH6f7rQgyUbjJ" verkey[0m
[1;32mMetadata has been saved for DID "3JauiZvnHv6oSBi4DTikg4"[0m

did new seed=TestTrustAnchor00000000000000000 metadata="test trust anchor 1"
[1;32mDid "AWwweaRGGCa4hfvW9WLmeb" has been created with "~D8gYyv77VvdkXguu7mHKfR" verkey[0m
[1;32mMetadata has been saved for DID "AWwweaRGGCa4hfvW9WLmeb"[0m

did new seed=TestTrustAnchor10000000000000000 metadata="test trust anchor 2"
[1;32mDid "EAvxCBmoYzkojBtgX1SVh8" has been created with "~HXn8bHcAYuaDAsCdjdLxLc" verkey[0m
[1;32mMetadata has been saved for DID "EAvxCBmoYzkojBtgX1SVh8"[0m

did new seed=RandomUser1000000000000000000000 metadata="test identity 1"
[1;32mDid "6nnZTxQ18EkVEjVV6hBMeT" has been created with "~2TBdyJLgAhkbogxjpUfPJD" verkey[0m
[1;32mMetadata has been saved for DID "6nnZTxQ18EkVEjVV6hBMeT"[0m

did new seed=RandomUser2000000000000000000000 metadata="test identity 2"
[1;32mDid "X25X1vKgEkwRDNgj1zJ1Xg" has been created with "~5TR49msrun2AgCKQZsstRX" verkey[0m
[1;32mMetadata has been saved for DID "X25X1vKgEkwRDNgj1zJ1Xg"[0m

did new seed=RandomUser4000000000000000000000 metadata="test identity 4"
[1;32mDid "FZp8ZoqiKrp9uuAujE38xA" has been created with "~2unRfj35pEJ9qRpWJyBAvz" verkey[0m
[1;32mMetadata has been saved for DID "FZp8ZoqiKrp9uuAujE38xA"[0m

did new seed=RandomUser5000000000000000000000 metadata="test identity 5"
[1;32mDid "NhF3hPZyV715sfmvsjhj1h" has been created with "~EjjPJGQcnFGhuyS35bVMGA" verkey[0m
[1;32mMetadata has been saved for DID "NhF3hPZyV715sfmvsjhj1h"[0m

did new seed=000000000000000000000000Trustee1 metadata="default trustee"
[1;32mDid "V4SGRU86Z58d6TV7PBUe6f" has been created with "~CoRER63DVYnWZtK8uAzNbx" verkey[0m
[1;32mMetadata has been saved for DID "V4SGRU86Z58d6TV7PBUe6f"[0m

did use V4SGRU86Z58d6TV7PBUe6f
[1;32mDid "V4SGRU86Z58d6TV7PBUe6f" has been set as active[0m

ledger nym did=QQMQmb1mrBRJR3vx6GP4kg role=TRUSTEE verkey=~7Cj2MTAjyAbHdAiuafgCUW
[1;32mNym request has been sent to Ledger.[0m
[1;32mMetadata:[0m
+---------------------+---------------------+
| Request ID          | Transaction time    |
+---------------------+---------------------+
| 1527786038460975479 | 2018-05-31 17:00:38 |
+---------------------+---------------------+
[1;32mData:[0m
+------------------------+-------------------------+---------+
| Did                    | Verkey                  | Role    |
+------------------------+-------------------------+---------+
| QQMQmb1mrBRJR3vx6GP4kg | ~7Cj2MTAjyAbHdAiuafgCUW | TRUSTEE |
+------------------------+-------------------------+---------+

did use V4SGRU86Z58d6TV7PBUe6f
[1;32mDid "V4SGRU86Z58d6TV7PBUe6f" has been set as active[0m

ledger nym did=CDBcM7hSAmQuenmEnE8dXG role=TRUSTEE verkey=~JsqrSipV963hwbojxwR2fg
[1;32mNym request has been sent to Ledger.[0m
[1;32mMetadata:[0m
+---------------------+---------------------+
| Request ID          | Transaction time    |
+---------------------+---------------------+
| 1527786038716839896 | 2018-05-31 17:00:38 |
+---------------------+---------------------+
[1;32mData:[0m
+------------------------+-------------------------+---------+
| Did                    | Verkey                  | Role    |
+------------------------+-------------------------+---------+
| CDBcM7hSAmQuenmEnE8dXG | ~JsqrSipV963hwbojxwR2fg | TRUSTEE |
+------------------------+-------------------------+---------+

ledger get-nym did=CDBcM7hSAmQuenmEnE8dXG
[1;32mFollowing NYM has been received.[0m
[1;32mMetadata:[0m
+-----------------+---------------------+---------------------+
| Sequence Number | Request ID          | Transaction time    |
+-----------------+---------------------+---------------------+
| 1565            | 1527786038972886590 | 2018-05-31 17:00:38 |
+-----------------+---------------------+---------------------+
[1;32mData:[0m
+------------------------+------------------------+-------------------------+---------+
| Identifier             | Dest                   | Verkey                  | Role    |
+------------------------+------------------------+-------------------------+---------+
| V4SGRU86Z58d6TV7PBUe6f | CDBcM7hSAmQuenmEnE8dXG | ~JsqrSipV963hwbojxwR2fg | TRUSTEE |
+------------------------+------------------------+-------------------------+---------+

did use CDBcM7hSAmQuenmEnE8dXG
[1;32mDid "CDBcM7hSAmQuenmEnE8dXG" has been set as active[0m

ledger nym did=3JauiZvnHv6oSBi4DTikg4 role=STEWARD verkey=~5EhgzbpoKEH6f7rQgyUbjJ
[1;32mNym request has been sent to Ledger.[0m
[1;32mMetadata:[0m
+---------------------+---------------------+
| Request ID          | Transaction time    |
+---------------------+---------------------+
| 1527786039001952498 | 2018-05-31 17:00:39 |
+---------------------+---------------------+
[1;32mData:[0m
+------------------------+-------------------------+---------+
| Did                    | Verkey                  | Role    |
+------------------------+-------------------------+---------+
| 3JauiZvnHv6oSBi4DTikg4 | ~5EhgzbpoKEH6f7rQgyUbjJ | STEWARD |
+------------------------+-------------------------+---------+

ledger get-nym did=3JauiZvnHv6oSBi4DTikg4
[1;32mFollowing NYM has been received.[0m
[1;32mMetadata:[0m
+-----------------+---------------------+---------------------+
| Sequence Number | Request ID          | Transaction time    |
+-----------------+---------------------+---------------------+
| 1566            | 1527786039271175869 | 2018-05-31 17:00:39 |
+-----------------+---------------------+---------------------+
[1;32mData:[0m
+------------------------+------------------------+-------------------------+---------+
| Identifier             | Dest                   | Verkey                  | Role    |
+------------------------+------------------------+-------------------------+---------+
| CDBcM7hSAmQuenmEnE8dXG | 3JauiZvnHv6oSBi4DTikg4 | ~5EhgzbpoKEH6f7rQgyUbjJ | STEWARD |
+------------------------+------------------------+-------------------------+---------+

did use V4SGRU86Z58d6TV7PBUe6f
[1;32mDid "V4SGRU86Z58d6TV7PBUe6f" has been set as active[0m

ledger nym did=CDBcM7hSAmQuenmEnE8dXG role=
[1;32mNym request has been sent to Ledger.[0m
[1;32mMetadata:[0m
+---------------------+---------------------+
| Request ID          | Transaction time    |
+---------------------+---------------------+
| 1527786039301942289 | 2018-05-31 17:00:39 |
+---------------------+---------------------+
[1;32mData:[0m
+------------------------+------+
| Did                    | Role |
+------------------------+------+
| CDBcM7hSAmQuenmEnE8dXG | -    |
+------------------------+------+

did use CDBcM7hSAmQuenmEnE8dXG 
[1;32mDid "CDBcM7hSAmQuenmEnE8dXG" has been set as active[0m

- ledger nym did=6nnZTxQ18EkVEjVV6hBMeT verkey=~2TBdyJLgAhkbogxjpUfPJD
[1;31mTransaction has been rejected: None role cannot add None role[0m

did use V4SGRU86Z58d6TV7PBUe6f
[1;32mDid "V4SGRU86Z58d6TV7PBUe6f" has been set as active[0m

ledger nym did=CDBcM7hSAmQuenmEnE8dXG role=TRUSTEE
[1;32mNym request has been sent to Ledger.[0m
[1;32mMetadata:[0m
+---------------------+---------------------+
| Request ID          | Transaction time    |
+---------------------+---------------------+
| 1527786039699677323 | 2018-05-31 17:00:39 |
+---------------------+---------------------+
[1;32mData:[0m
+------------------------+---------+
| Did                    | Role    |
+------------------------+---------+
| CDBcM7hSAmQuenmEnE8dXG | TRUSTEE |
+------------------------+---------+

did use CDBcM7hSAmQuenmEnE8dXG 
[1;32mDid "CDBcM7hSAmQuenmEnE8dXG" has been set as active[0m

ledger nym did=VNHim6zQkiNEF1yPL6xVev verkey=~Xih8tdRvVQiudPEB3M2ypc
[1;32mNym request has been sent to Ledger.[0m
[1;32mMetadata:[0m
+---------------------+---------------------+
| Request ID          | Transaction time    |
+---------------------+---------------------+
| 1527786040002128591 | 2018-05-31 17:00:40 |
+---------------------+---------------------+
[1;32mData:[0m
+------------------------+-------------------------+------+
| Did                    | Verkey                  | Role |
+------------------------+-------------------------+------+
| VNHim6zQkiNEF1yPL6xVev | ~Xih8tdRvVQiudPEB3M2ypc | -    |
+------------------------+-------------------------+------+

ledger get-nym did=VNHim6zQkiNEF1yPL6xVev
[1;32mFollowing NYM has been received.[0m
[1;32mMetadata:[0m
+-----------------+---------------------+---------------------+
| Sequence Number | Request ID          | Transaction time    |
+-----------------+---------------------+---------------------+
| 1569            | 1527786040244304455 | 2018-05-31 17:00:40 |
+-----------------+---------------------+---------------------+
[1;32mData:[0m
+------------------------+------------------------+-------------------------+------+
| Identifier             | Dest                   | Verkey                  | Role |
+------------------------+------------------------+-------------------------+------+
| CDBcM7hSAmQuenmEnE8dXG | VNHim6zQkiNEF1yPL6xVev | ~Xih8tdRvVQiudPEB3M2ypc | -    |
+------------------------+------------------------+-------------------------+------+

did use V4SGRU86Z58d6TV7PBUe6f
[1;32mDid "V4SGRU86Z58d6TV7PBUe6f" has been set as active[0m

ledger nym did=YLs2LfEvHoSdS6euixMAe8 role=STEWARD verkey=~UEjom7C2wcysFHkHqXVtSo
[1;32mNym request has been sent to Ledger.[0m
[1;32mMetadata:[0m
+---------------------+---------------------+
| Request ID          | Transaction time    |
+---------------------+---------------------+
| 1527786040272137352 | 2018-05-31 17:00:40 |
+---------------------+---------------------+
[1;32mData:[0m
+------------------------+-------------------------+---------+
| Did                    | Verkey                  | Role    |
+------------------------+-------------------------+---------+
| YLs2LfEvHoSdS6euixMAe8 | ~UEjom7C2wcysFHkHqXVtSo | STEWARD |
+------------------------+-------------------------+---------+

ledger get-nym did=YLs2LfEvHoSdS6euixMAe8
[1;32mFollowing NYM has been received.[0m
[1;32mMetadata:[0m
+-----------------+---------------------+---------------------+
| Sequence Number | Request ID          | Transaction time    |
+-----------------+---------------------+---------------------+
| 1570            | 1527786040561309752 | 2018-05-31 17:00:40 |
+-----------------+---------------------+---------------------+
[1;32mData:[0m
+------------------------+------------------------+-------------------------+---------+
| Identifier             | Dest                   | Verkey                  | Role    |
+------------------------+------------------------+-------------------------+---------+
| V4SGRU86Z58d6TV7PBUe6f | YLs2LfEvHoSdS6euixMAe8 | ~UEjom7C2wcysFHkHqXVtSo | STEWARD |
+------------------------+------------------------+-------------------------+---------+

did use V4SGRU86Z58d6TV7PBUe6f
[1;32mDid "V4SGRU86Z58d6TV7PBUe6f" has been set as active[0m

ledger nym did=YLs2LfEvHoSdS6euixMAe8 role=
[1;32mNym request has been sent to Ledger.[0m
[1;32mMetadata:[0m
+---------------------+---------------------+
| Request ID          | Transaction time    |
+---------------------+---------------------+
| 1527786040585030467 | 2018-05-31 17:00:40 |
+---------------------+---------------------+
[1;32mData:[0m
+------------------------+------+
| Did                    | Role |
+------------------------+------+
| YLs2LfEvHoSdS6euixMAe8 | -    |
+------------------------+------+

did use YLs2LfEvHoSdS6euixMAe8 
[1;32mDid "YLs2LfEvHoSdS6euixMAe8" has been set as active[0m

- ledger nym did=EAvxCBmoYzkojBtgX1SVh8 role=TRUST_ANCHOR verkey=~HXn8bHcAYuaDAsCdjdLxLc
[1;31mTransaction has been rejected: None role cannot add TRUST_ANCHOR[0m

- ledger get-nym did=EAvxCBmoYzkojBtgX1SVh8
[1;31mNYM not found[0m

did use V4SGRU86Z58d6TV7PBUe6f
[1;32mDid "V4SGRU86Z58d6TV7PBUe6f" has been set as active[0m

ledger nym did=YLs2LfEvHoSdS6euixMAe8 role=STEWARD
[1;32mNym request has been sent to Ledger.[0m
[1;32mMetadata:[0m
+---------------------+---------------------+
| Request ID          | Transaction time    |
+---------------------+---------------------+
| 1527786041087226498 | 2018-05-31 17:00:41 |
+---------------------+---------------------+
[1;32mData:[0m
+------------------------+---------+
| Did                    | Role    |
+------------------------+---------+
| YLs2LfEvHoSdS6euixMAe8 | STEWARD |
+------------------------+---------+

did use YLs2LfEvHoSdS6euixMAe8 
[1;32mDid "YLs2LfEvHoSdS6euixMAe8" has been set as active[0m

ledger nym did=EAvxCBmoYzkojBtgX1SVh8 role=TRUST_ANCHOR verkey=~HXn8bHcAYuaDAsCdjdLxLc
[1;32mNym request has been sent to Ledger.[0m
[1;32mMetadata:[0m
+---------------------+---------------------+
| Request ID          | Transaction time    |
+---------------------+---------------------+
| 1527786041490729733 | 2018-05-31 17:00:41 |
+---------------------+---------------------+
[1;32mData:[0m
+------------------------+-------------------------+--------------+
| Did                    | Verkey                  | Role         |
+------------------------+-------------------------+--------------+
| EAvxCBmoYzkojBtgX1SVh8 | ~HXn8bHcAYuaDAsCdjdLxLc | TRUST_ANCHOR |
+------------------------+-------------------------+--------------+

ledger get-nym did=EAvxCBmoYzkojBtgX1SVh8
[1;32mFollowing NYM has been received.[0m
[1;32mMetadata:[0m
+-----------------+---------------------+---------------------+
| Sequence Number | Request ID          | Transaction time    |
+-----------------+---------------------+---------------------+
| 1573            | 1527786041769647729 | 2018-05-31 17:00:41 |
+-----------------+---------------------+---------------------+
[1;32mData:[0m
+------------------------+------------------------+-------------------------+--------------+
| Identifier             | Dest                   | Verkey                  | Role         |
+------------------------+------------------------+-------------------------+--------------+
| YLs2LfEvHoSdS6euixMAe8 | EAvxCBmoYzkojBtgX1SVh8 | ~HXn8bHcAYuaDAsCdjdLxLc | TRUST_ANCHOR |
+------------------------+------------------------+-------------------------+--------------+

did use V4SGRU86Z58d6TV7PBUe6f
[1;32mDid "V4SGRU86Z58d6TV7PBUe6f" has been set as active[0m

ledger nym did=AWwweaRGGCa4hfvW9WLmeb role=TRUST_ANCHOR verkey=~D8gYyv77VvdkXguu7mHKfR
[1;32mNym request has been sent to Ledger.[0m
[1;32mMetadata:[0m
+---------------------+---------------------+
| Request ID          | Transaction time    |
+---------------------+---------------------+
| 1527786041796109255 | 2018-05-31 17:00:41 |
+---------------------+---------------------+
[1;32mData:[0m
+------------------------+-------------------------+--------------+
| Did                    | Verkey                  | Role         |
+------------------------+-------------------------+--------------+
| AWwweaRGGCa4hfvW9WLmeb | ~D8gYyv77VvdkXguu7mHKfR | TRUST_ANCHOR |
+------------------------+-------------------------+--------------+

ledger get-nym did=AWwweaRGGCa4hfvW9WLmeb
[1;32mFollowing NYM has been received.[0m
[1;32mMetadata:[0m
+-----------------+---------------------+---------------------+
| Sequence Number | Request ID          | Transaction time    |
+-----------------+---------------------+---------------------+
| 1574            | 1527786042061776855 | 2018-05-31 17:00:41 |
+-----------------+---------------------+---------------------+
[1;32mData:[0m
+------------------------+------------------------+-------------------------+--------------+
| Identifier             | Dest                   | Verkey                  | Role         |
+------------------------+------------------------+-------------------------+--------------+
| V4SGRU86Z58d6TV7PBUe6f | AWwweaRGGCa4hfvW9WLmeb | ~D8gYyv77VvdkXguu7mHKfR | TRUST_ANCHOR |
+------------------------+------------------------+-------------------------+--------------+

did use AWwweaRGGCa4hfvW9WLmeb
[1;32mDid "AWwweaRGGCa4hfvW9WLmeb" has been set as active[0m

ledger nym did=FZp8ZoqiKrp9uuAujE38xA verkey=~2unRfj35pEJ9qRpWJyBAvz
[1;32mNym request has been sent to Ledger.[0m
[1;32mMetadata:[0m
+---------------------+---------------------+
| Request ID          | Transaction time    |
+---------------------+---------------------+
| 1527786042097071068 | 2018-05-31 17:00:42 |
+---------------------+---------------------+
[1;32mData:[0m
+------------------------+-------------------------+------+
| Did                    | Verkey                  | Role |
+------------------------+-------------------------+------+
| FZp8ZoqiKrp9uuAujE38xA | ~2unRfj35pEJ9qRpWJyBAvz | -    |
+------------------------+-------------------------+------+

ledger get-nym did=FZp8ZoqiKrp9uuAujE38xA
[1;32mFollowing NYM has been received.[0m
[1;32mMetadata:[0m
+-----------------+---------------------+---------------------+
| Sequence Number | Request ID          | Transaction time    |
+-----------------+---------------------+---------------------+
| 1575            | 1527786042400018579 | 2018-05-31 17:00:42 |
+-----------------+---------------------+---------------------+
[1;32mData:[0m
+------------------------+------------------------+-------------------------+------+
| Identifier             | Dest                   | Verkey                  | Role |
+------------------------+------------------------+-------------------------+------+
| AWwweaRGGCa4hfvW9WLmeb | FZp8ZoqiKrp9uuAujE38xA | ~2unRfj35pEJ9qRpWJyBAvz | -    |
+------------------------+------------------------+-------------------------+------+

did use V4SGRU86Z58d6TV7PBUe6f
[1;32mDid "V4SGRU86Z58d6TV7PBUe6f" has been set as active[0m

ledger nym did=AWwweaRGGCa4hfvW9WLmeb role=
[1;32mNym request has been sent to Ledger.[0m
[1;32mMetadata:[0m
+---------------------+---------------------+
| Request ID          | Transaction time    |
+---------------------+---------------------+
| 1527786042433270048 | 2018-05-31 17:00:42 |
+---------------------+---------------------+
[1;32mData:[0m
+------------------------+------+
| Did                    | Role |
+------------------------+------+
| AWwweaRGGCa4hfvW9WLmeb | -    |
+------------------------+------+

did use AWwweaRGGCa4hfvW9WLmeb 
[1;32mDid "AWwweaRGGCa4hfvW9WLmeb" has been set as active[0m

- ledger nym did=NhF3hPZyV715sfmvsjhj1h verkey=~EjjPJGQcnFGhuyS35bVMGA
[1;31mTransaction has been rejected: None role cannot add None role[0m

- ledger get-nym did=NhF3hPZyV715sfmvsjhj1h
[1;31mNYM not found[0m

did use V4SGRU86Z58d6TV7PBUe6f
[1;32mDid "V4SGRU86Z58d6TV7PBUe6f" has been set as active[0m

ledger nym did=AWwweaRGGCa4hfvW9WLmeb role=TRUST_ANCHOR
[1;32mNym request has been sent to Ledger.[0m
[1;32mMetadata:[0m
+---------------------+---------------------+
| Request ID          | Transaction time    |
+---------------------+---------------------+
| 1527786042897427544 | 2018-05-31 17:00:42 |
+---------------------+---------------------+
[1;32mData:[0m
+------------------------+--------------+
| Did                    | Role         |
+------------------------+--------------+
| AWwweaRGGCa4hfvW9WLmeb | TRUST_ANCHOR |
+------------------------+--------------+

did use AWwweaRGGCa4hfvW9WLmeb 
[1;32mDid "AWwweaRGGCa4hfvW9WLmeb" has been set as active[0m

ledger nym did=NhF3hPZyV715sfmvsjhj1h verkey=~EjjPJGQcnFGhuyS35bVMGA
[1;32mNym request has been sent to Ledger.[0m
[1;32mMetadata:[0m
+---------------------+---------------------+
| Request ID          | Transaction time    |
+---------------------+---------------------+
| 1527786043212965001 | 2018-05-31 17:00:43 |
+---------------------+---------------------+
[1;32mData:[0m
+------------------------+-------------------------+------+
| Did                    | Verkey                  | Role |
+------------------------+-------------------------+------+
| NhF3hPZyV715sfmvsjhj1h | ~EjjPJGQcnFGhuyS35bVMGA | -    |
+------------------------+-------------------------+------+

ledger get-nym did=NhF3hPZyV715sfmvsjhj1h
[1;32mFollowing NYM has been received.[0m
[1;32mMetadata:[0m
+-----------------+---------------------+---------------------+
| Sequence Number | Request ID          | Transaction time    |
+-----------------+---------------------+---------------------+
| 1578            | 1527786043494615877 | 2018-05-31 17:00:43 |
+-----------------+---------------------+---------------------+
[1;32mData:[0m
+------------------------+------------------------+-------------------------+------+
| Identifier             | Dest                   | Verkey                  | Role |
+------------------------+------------------------+-------------------------+------+
| AWwweaRGGCa4hfvW9WLmeb | NhF3hPZyV715sfmvsjhj1h | ~EjjPJGQcnFGhuyS35bVMGA | -    |
+------------------------+------------------------+-------------------------+------+

did use V4SGRU86Z58d6TV7PBUe6f
[1;32mDid "V4SGRU86Z58d6TV7PBUe6f" has been set as active[0m

ledger nym did=6nnZTxQ18EkVEjVV6hBMeT verkey=~2TBdyJLgAhkbogxjpUfPJD
[1;32mNym request has been sent to Ledger.[0m
[1;32mMetadata:[0m
+---------------------+---------------------+
| Request ID          | Transaction time    |
+---------------------+---------------------+
| 1527786043521317008 | 2018-05-31 17:00:43 |
+---------------------+---------------------+
[1;32mData:[0m
+------------------------+-------------------------+------+
| Did                    | Verkey                  | Role |
+------------------------+-------------------------+------+
| 6nnZTxQ18EkVEjVV6hBMeT | ~2TBdyJLgAhkbogxjpUfPJD | -    |
+------------------------+-------------------------+------+

ledger get-nym did=6nnZTxQ18EkVEjVV6hBMeT
[1;32mFollowing NYM has been received.[0m
[1;32mMetadata:[0m
+-----------------+---------------------+---------------------+
| Sequence Number | Request ID          | Transaction time    |
+-----------------+---------------------+---------------------+
| 1579            | 1527786043796541273 | 2018-05-31 17:00:43 |
+-----------------+---------------------+---------------------+
[1;32mData:[0m
+------------------------+------------------------+-------------------------+------+
| Identifier             | Dest                   | Verkey                  | Role |
+------------------------+------------------------+-------------------------+------+
| V4SGRU86Z58d6TV7PBUe6f | 6nnZTxQ18EkVEjVV6hBMeT | ~2TBdyJLgAhkbogxjpUfPJD | -    |
+------------------------+------------------------+-------------------------+------+

did use QQMQmb1mrBRJR3vx6GP4kg
[1;32mDid "QQMQmb1mrBRJR3vx6GP4kg" has been set as active[0m

ledger nym did=QQMQmb1mrBRJR3vx6GP4kg role=
[1;32mNym request has been sent to Ledger.[0m
[1;32mMetadata:[0m
+---------------------+---------------------+
| Request ID          | Transaction time    |
+---------------------+---------------------+
| 1527786043822062926 | 2018-05-31 17:00:43 |
+---------------------+---------------------+
[1;32mData:[0m
+------------------------+------+
| Did                    | Role |
+------------------------+------+
| QQMQmb1mrBRJR3vx6GP4kg | -    |
+------------------------+------+

- ledger nym did=X25X1vKgEkwRDNgj1zJ1Xg verkey=~5TR49msrun2AgCKQZsstRX
[1;31mTransaction has been rejected: None role cannot add None role[0m

- ledger get-nym did=X25X1vKgEkwRDNgj1zJ1Xg
[1;31mNYM not found[0m

[1;32mWallet "AS-03-wallet-trustee" has been closed[0m
[1;32mPool "AS-0301-trustee" has been connected[0m
[1;32mGoodbye...[0m
