pool connect AS-pool
Pool "AS-pool" has been connected

wallet open AS-04-wallet key=testkey
Wallet "AS-04-wallet" has been opened

did use V4SGRU86Z58d6TV7PBUe6f
Did "V4SGRU86Z58d6TV7PBUe6f" has been set as active

ledger nym did=542MVr22zcHbVyGzaXmbT2
Nym request has been sent to Ledger.
Metadata:
+---------------------+---------------------+
| Request ID          | Transaction time    |
+---------------------+---------------------+
| 1527789271458474578 | 2018-05-31 17:54:31 |
+---------------------+---------------------+
Data:
+------------------------+------+
| Did                    | Role |
+------------------------+------+
| 542MVr22zcHbVyGzaXmbT2 | -    |
+------------------------+------+

ledger get-schema did=V4SGRU86Z58d6TV7PBUe6f name=Degree version=1.0
Following Schema has been received.
Metadata:
+------------------------+-----------------+---------------------+---------------------+
| Did                    | Sequence Number | Request ID          | Transaction time    |
+------------------------+-----------------+---------------------+---------------------+
| V4SGRU86Z58d6TV7PBUe6f | 16              | 1527789271710847095 | 2018-05-31 17:52:57 |
+------------------------+-----------------+---------------------+---------------------+
Data:
+--------+---------+----------------------------------------------------------------------------+
| Name   | Version | Attributes                                                                 |
+--------+---------+----------------------------------------------------------------------------+
| Degree | 1.0     | "postgrad","first_name","last_name","birth_date","undergrad","expiry_date" |
+--------+---------+----------------------------------------------------------------------------+

ledger get-cred-def schema_id=1 signature_type=CL origin=V4SGRU86Z58d6TV7PBUe6f tag="1"
Following Credential Definition has been received.
Metadata:
+------------------------+-----------------+---------------------+---------------------+
| Identifier             | Sequence Number | Request ID          | Transaction time    |
+------------------------+-----------------+---------------------+---------------------+
| V4SGRU86Z58d6TV7PBUe6f | 17              | 1527789271740916519 | 2018-05-31 17:52:57 |
+------------------------+-----------------+---------------------+---------------------+
Data:
+----------------------------------------------------------------+
| Primary Key                                                    |
+----------------------------------------------------------------+
| {n:"1",r:{"age":"4","name":"5"},rctxt:"6",rms:"3",s:"2",z:"7"} |
+----------------------------------------------------------------+

- ledger get-nym did=542MVr22zcHbVyGzaXmbT5
Following NYM has been received.
Metadata:
+-----------------+---------------------+---------------------+
| Sequence Number | Request ID          | Transaction time    |
+-----------------+---------------------+---------------------+
| 20              | 1527789271777541476 | 2018-05-31 17:52:58 |
+-----------------+---------------------+---------------------+
Data:
+------------------------+------------------------+------+
| Identifier             | Dest                   | Role |
+------------------------+------------------------+------+
| V4SGRU86Z58d6TV7PBUe6f | 542MVr22zcHbVyGzaXmbT5 | -    |
+------------------------+------------------------+------+

- ledger get-nym did=542MVr22zcHbVyGzaXmbT2
Following NYM has been received.
Metadata:
+-----------------+---------------------+---------------------+
| Sequence Number | Request ID          | Transaction time    |
+-----------------+---------------------+---------------------+
| 23              | 1527789271796959032 | 2018-05-31 17:54:31 |
+-----------------+---------------------+---------------------+
Data:
+------------------------+------------------------+------+
| Identifier             | Dest                   | Role |
+------------------------+------------------------+------+
| V4SGRU86Z58d6TV7PBUe6f | 542MVr22zcHbVyGzaXmbT2 | -    |
+------------------------+------------------------+------+

wallet close
Wallet "AS-04-wallet" has been closed

pool disconnect
Pool "AS-pool" has been disconnected

Goodbye...
