pool connect AS-01-02-steward-pool
[1;32mPool "AS-01-02-steward-pool" has been connected[0m

wallet open AS-01-02-steward-wallet key=testkey
[1;32mWallet "AS-01-02-steward-wallet" has been opened[0m

did use UAPL7pTFdHGCXS4MGU8Zqv
[1;32mDid "UAPL7pTFdHGCXS4MGU8Zqv" has been set as active[0m

ledger nym did=UAPL7pTFdHGCXS4MGU8Zqv verkey=~6m1fM2eoZ1ygsXgq8NLPGc
[1;32mNym request has been sent to Ledger.[0m
[1;32mMetadata:[0m
+---------------------+---------------------+
| Request ID          | Transaction time    |
+---------------------+---------------------+
| 1523199097219969241 | 2018-04-08 14:51:37 |
+---------------------+---------------------+
[1;32mData:[0m
+------------------------+-------------------------+------+
| Did                    | Verkey                  | Role |
+------------------------+-------------------------+------+
| UAPL7pTFdHGCXS4MGU8Zqv | ~6m1fM2eoZ1ygsXgq8NLPGc | -    |
+------------------------+-------------------------+------+

did new seed=0000000000000000000NewSteward122 metadata="new steward2"
[1;32mDid "UAPL7pTFdHGCXS4MGU8Zqv" has been created with "~6m1fM2eoZ1ygsXgq8NLPGc" verkey[0m
[1;32mMetadata has been saved for DID "UAPL7pTFdHGCXS4MGU8Zqv"[0m

wallet close
[1;32mWallet "AS-01-02-steward-wallet" has been closed[0m

pool disconnect
[1;32mPool "AS-01-02-steward-pool" has been disconnected[0m

wallet list
+-------------------------+-----------------------+---------+
| Name                    | Associated pool name  | Type    |
+-------------------------+-----------------------+---------+
| AS-01-02-trustee-wallet | AS-01-02-trustee-pool | default |
+-------------------------+-----------------------+---------+
| AS-01-02-steward-wallet | AS-01-02-steward-pool | default |
+-------------------------+-----------------------+---------+

pool list
+-----------------------+
| Pool                  |
+-----------------------+
| AS-01-02-trustee-pool |
+-----------------------+
| AS-01-02-steward-pool |
+-----------------------+

exit

[1;32mGoodbye...[0m
